// Jest Snapshot v1, https://goo.gl/fbAQLP

exports[`Recipe Details Component should match the snapshot 1`] = `
<div
  class="h-[300px] flex justify-between items-center"
>
  <div
    class="bg-top-img3 w-full h-full bg-auto bg-no-repeat bg-center bg-cover"
  />
</div>
`;
